<html>
<body>
<pre>
<h1>µVision Build Log</h1>
<h2>Tool Versions:</h2>
IDE-Version: µVision V5.24.2.0
Copyright (C) 2017 ARM Ltd and ARM Germany GmbH. All rights reserved.
License Information: Shaunak Chokshi, NCSU, LIC=----
 
Tool Versions:
Toolchain:       MDK-Lite  Version: 5.24.1
Toolchain Path:  C:\Keil_v5\ARM\ARMCC\Bin
C Compiler:      Armcc.exe V5.06 update 5 (build 528)
Assembler:       Armasm.exe V5.06 update 5 (build 528)
Linker/Locator:  ArmLink.exe V5.06 update 5 (build 528)
Library Manager: ArmAr.exe V5.06 update 5 (build 528)
Hex Converter:   FromElf.exe V5.06 update 5 (build 528)
CPU DLL:         SARMCM3.DLL V5.24.1
Dialog DLL:      DARMCM1.DLL V1.18.0.0
Target DLL:      Segger\JL2CM3.dll V2.99.26.0
Dialog DLL:      TARMCM1.DLL V1.13.0.0
 
<h2>Project:</h2>
C:\Users\shaun\Desktop\Project1\Project3\Project1.uvprojx
Project File Date:  04/21/2018

<h2>Output:</h2>
*** Using Compiler 'V5.06 update 5 (build 528)', folder: 'C:\Keil_v5\ARM\ARMCC\Bin'
Build target 'Target 1'
compiling main.c...
.\inc\delay.h(6): warning:  #1295-D: Deprecated declaration SysTimerInit - give arg types
  void SysTimerInit();
.\inc\ADC.h(7): warning:  #1-D: last line of file ends without a newline
  #endif
GPIO.h(9): warning:  #1295-D: Deprecated declaration Init_GPIO - give arg types
  void Init_GPIO();
GPIO.h(14): warning:  #1-D: last line of file ends without a newline
  #endif
main.c(42): warning:  #167-D: argument of type "char *" is incompatible with parameter of type "uint8_t *"
  		Send_String_Poll(str_val);
main.c(47): warning:  #1-D: last line of file ends without a newline
  }
main.c(20): warning:  #550-D: variable "ADC_value"  was set but never used
  	float ADC_value;
main.c: 7 warnings, 0 errors
linking...
Program Size: Code=9864 RO-data=528 RW-data=32 ZI-data=1800  
".\Objects\Project1.axf" - 0 Error(s), 7 Warning(s).

<h2>Software Packages used:</h2>

Package Vendor: ARM
                http://www.keil.com/pack/ARM.CMSIS.5.0.1.pack
                ARM.CMSIS.5.0.1
                CMSIS (Cortex Microcontroller Software Interface Standard)
   * Component: CORE Version: 5.0.1

Package Vendor: Keil
                http://www.keil.com/pack/Keil.Kinetis_KLxx_DFP.1.13.0.pack
                Keil.Kinetis_KLxx_DFP.1.13.0
                NXP Kinetis KLxx Series Device Support and Examples
   * Component: Startup Version: 2.5.0

<h2>Collection of Component include folders:</h2>
  .\RTE\Device\MKL25Z128xxx4
  .\RTE\_Target_1
  C:\Keil_v5\ARM\PACK\ARM\CMSIS\5.0.1\CMSIS\Include
  C:\Keil_v5\ARM\PACK\Keil\Kinetis_KLxx_DFP\1.13.0\Device\Include

<h2>Collection of Component Files used:</h2>

   * Component: Keil::Device:Startup:2.5.0
      Include file:  Device\Source\system_MKL25Z4.h
      Source file:   Device\Source\ARM\startup_MKL25Z4.s
      Source file:   Device\Source\system_MKL25Z4.c

   * Component: ARM::CMSIS:CORE:5.0.1
Build Time Elapsed:  00:00:01
</pre>
</body>
</html>
